<html>
<body>
<pre>
<h1>µVision Build Log</h1>
<h2>Tool Versions:</h2>
IDE-Version: µVision V5.29.0.0
Copyright (C) 2019 ARM Ltd and ARM Germany GmbH. All rights reserved.
License Information: Srilatha P, HP Inc., LIC=----
 
Tool Versions:
Toolchain:       MDK-Lite  Version: 5.29.0.0
Toolchain Path:  C:\Keil_v5\ARM\ARMCC\Bin
C Compiler:      Armcc.exe V5.06 update 6 (build 750)
Assembler:       Armasm.exe V5.06 update 6 (build 750)
Linker/Locator:  ArmLink.exe V5.06 update 6 (build 750)
Library Manager: ArmAr.exe V5.06 update 6 (build 750)
Hex Converter:   FromElf.exe V5.06 update 6 (build 750)
CPU DLL:         SARM.DLL V5.29.0.0
Dialog DLL:      DARMP.DLL V1.53.0.0
Target DLL:      UL2ARM.DLL V1.74.10.0
Dialog DLL:      TARMP.DLL V1.53.0.0
 
<h2>Project:</h2>
G:\Srilatha - Manipal\M.E - Embedded Systems\1. MCA\Lab\Assignment Programs\MCA_Lab_Assignment2\Question1\Code\Question1.uvproj
Project File Date:  11/27/2022

<h2>Output:</h2>
*** Using Compiler 'V5.06 update 6 (build 750)', folder: 'C:\Keil_v5\ARM\ARMCC\Bin'
Build target 'Target 1'
compiling main.c...
header.h(1): warning:  #1295-D: Deprecated declaration lcd_init - give arg types
  void lcd_init();                //LCD initialization function
header.h(5): warning:  #1295-D: Deprecated declaration delay - give arg types
  void delay();                   //Function to generate a delay
header.h(6): warning:  #1295-D: Deprecated declaration init_pll - give arg types
  void init_pll();                // PLL Initialization
header.h(7): warning:  #1295-D: Deprecated declaration init_uart0 - give arg types
  void init_uart0();              //initialize uart0
header.h(9): warning:  #1295-D: Deprecated declaration recieve_char_uart0 - give arg types
  char recieve_char_uart0();      //recieve character on UART0
header.h(10): warning:  #1-D: last line of file ends without a newline
  void isPalindrome(unsigned char*); //Palindrome check
main.c(27): warning:  #167-D: argument of type "char *" is incompatible with parameter of type "unsigned char *"
  		isPalindrome(string);               //Call palindrome function and check if the given string is palindrome or not                 
main.c(30): warning:  #111-D: statement is unreachable
       return 0;
main.c(31): warning:  #1-D: last line of file ends without a newline
  }
main.c: 9 warnings, 0 errors
linking...
Program Size: Code=1316 RO-data=16 RW-data=0 ZI-data=1256  
FromELF: creating hex file...
".\Objects\Question1.axf" - 0 Error(s), 9 Warning(s).
Build Time Elapsed:  00:00:03
</pre>
</body>
</html>
