<html>
<body>
<pre>
<h1>µVision Build Log</h1>
<h2>Tool Versions:</h2>
IDE-Version: µVision V5.29.0.0
Copyright (C) 2019 ARM Ltd and ARM Germany GmbH. All rights reserved.
License Information: Srilatha P, HP Inc., LIC=----
 
Tool Versions:
Toolchain:       MDK-Lite  Version: 5.29.0.0
Toolchain Path:  C:\Keil_v5\ARM\ARMCC\Bin
C Compiler:      Armcc.exe V5.06 update 6 (build 750)
Assembler:       Armasm.exe V5.06 update 6 (build 750)
Linker/Locator:  ArmLink.exe V5.06 update 6 (build 750)
Library Manager: ArmAr.exe V5.06 update 6 (build 750)
Hex Converter:   FromElf.exe V5.06 update 6 (build 750)
CPU DLL:         SARM.DLL V5.29.0.0
Dialog DLL:      DARMP.DLL V1.53.0.0
Target DLL:      UL2ARM.DLL V1.74.10.0
Dialog DLL:      TARMP.DLL V1.53.0.0
 
<h2>Project:</h2>
G:\Srilatha - Manipal\M.E - Embedded Systems\1. MCA\Lab\Assignment Programs\MCA_Lab_Assignment2\Question2\Code\Question2.uvproj
Project File Date:  12/01/2022

<h2>Output:</h2>
*** Using Compiler 'V5.06 update 6 (build 750)', folder: 'C:\Keil_v5\ARM\ARMCC\Bin'
Build target 'Target 1'
compiling square_wave.c...
timer0.h(1): warning:  #1-D: last line of file ends without a newline
  void delay_milliseconds(int);
pll.h(1): warning:  #1-D: last line of file ends without a newline
  void init_pll();
pll.h(1): warning:  #1295-D: Deprecated declaration init_pll - give arg types
  void init_pll();
square_wave.c(29): warning:  #111-D: statement is unreachable
  	return 0;
square_wave.c(30): warning:  #1-D: last line of file ends without a newline
  }
square_wave.c: 5 warnings, 0 errors
linking...
Program Size: Code=816 RO-data=16 RW-data=0 ZI-data=1256  
FromELF: creating hex file...
".\Objects\Question2.axf" - 0 Error(s), 5 Warning(s).
Build Time Elapsed:  00:00:02
</pre>
</body>
</html>
